Wed May  6 16:12:09 2026
+-----------------------------------------------------------------------------------------+
| NVIDIA-SMI 580.95.05              Driver Version: 580.95.05      CUDA Version: 13.0     |
+-----------------------------------------+------------------------+----------------------+
| GPU  Name                 Persistence-M | Bus-Id          Disp.A | Volatile Uncorr. ECC |
| Fan  Temp   Perf          Pwr:Usage/Cap |           Memory-Usage | GPU-Util  Compute M. |
|                                         |                        |               MIG M. |
|=========================================+========================+======================|
|   0  NVIDIA GeForce RTX 5090        Off |   00000000:01:00.0 Off |                  N/A |
|  0%   54C    P0             50W /  600W |       2MiB /  32607MiB |      0%      Default |
|                                         |                        |                  N/A |
+-----------------------------------------+------------------------+----------------------+
|   1  NVIDIA GeForce RTX 5090        Off |   00000000:E1:00.0 Off |                  N/A |
|  0%   45C    P8             29W /  575W |       2MiB /  32607MiB |      0%      Default |
|                                         |                        |                  N/A |
+-----------------------------------------+------------------------+----------------------+

+-----------------------------------------------------------------------------------------+
| Processes:                                                                              |
|  GPU   GI   CI              PID   Type   Process name                        GPU Memory |
|        ID   ID                                                               Usage      |
|=========================================================================================|
|  No running processes found                                                             |
+-----------------------------------------------------------------------------------------+
nvcc: NVIDIA (R) Cuda compiler driver
Copyright (c) 2005-2025 NVIDIA Corporation
Built on Wed_Apr__9_19:24:57_PDT_2025
Cuda compilation tools, release 12.9, V12.9.41
Build cuda_12.9.r12.9/compiler.35813241_0
{
  "experiment": "week6-csc-gpu-smoke",
  "output_root": "experiments/week6/csc_smoke",
  "run_count": 4,
  "runs": [
    {
      "experiment": "week6-csc-gpu-smoke",
      "name": "sod-gpu-csc-d",
      "timestamp_utc": "2026-05-06T15:12:09.266340+00:00",
      "git_commit": "4f8b76dd59f1484de9c8c40aa40bb5e4baa6e0c7",
      "binary": "build-cuda-double-strict/hrsc",
      "source_config": "tests/cases/toro_1d/sod.cfg",
      "run_config": "experiments/week6/csc_smoke/runs/sod-gpu-csc-d/config.cfg",
      "precision": "double",
      "build": "cuda-strict-double-csc",
      "raw_output": "experiments/week6/csc_smoke/runs/sod-gpu-csc-d/sod.bin",
      "command": [
        "build-cuda-double-strict/hrsc",
        "experiments/week6/csc_smoke/runs/sod-gpu-csc-d/config.cfg"
      ],
      "returncode": 0,
      "timing": {
        "total_s": 0.0112043
      },
      "stdout": "experiments/week6/csc_smoke/runs/sod-gpu-csc-d/stdout.txt",
      "stderr": "experiments/week6/csc_smoke/runs/sod-gpu-csc-d/stderr.txt"
    },
    {
      "experiment": "week6-csc-gpu-smoke",
      "name": "sod-gpu-csc-f",
      "timestamp_utc": "2026-05-06T15:12:09.294965+00:00",
      "git_commit": "4f8b76dd59f1484de9c8c40aa40bb5e4baa6e0c7",
      "binary": "build-cuda-float-strict/hrsc",
      "source_config": "tests/cases/toro_1d/sod.cfg",
      "run_config": "experiments/week6/csc_smoke/runs/sod-gpu-csc-f/config.cfg",
      "precision": "float",
      "build": "cuda-strict-float-csc",
      "raw_output": "experiments/week6/csc_smoke/runs/sod-gpu-csc-f/sod.bin",
      "command": [
        "build-cuda-float-strict/hrsc",
        "experiments/week6/csc_smoke/runs/sod-gpu-csc-f/config.cfg"
      ],
      "returncode": 0,
      "timing": {
        "total_s": 0.0112209
      },
      "stdout": "experiments/week6/csc_smoke/runs/sod-gpu-csc-f/stdout.txt",
      "stderr": "experiments/week6/csc_smoke/runs/sod-gpu-csc-f/stderr.txt"
    },
    {
      "experiment": "week6-csc-gpu-smoke",
      "name": "lw3-gpu-csc-d",
      "timestamp_utc": "2026-05-06T15:12:09.502805+00:00",
      "git_commit": "4f8b76dd59f1484de9c8c40aa40bb5e4baa6e0c7",
      "binary": "build-cuda-double-strict/hrsc",
      "source_config": "tests/cases/liska_wendroff_2d/config3_n200.cfg",
      "run_config": "experiments/week6/csc_smoke/runs/lw3-gpu-csc-d/config.cfg",
      "precision": "double",
      "build": "cuda-strict-double-csc",
      "raw_output": "experiments/week6/csc_smoke/runs/lw3-gpu-csc-d/lw3.bin",
      "command": [
        "build-cuda-double-strict/hrsc",
        "experiments/week6/csc_smoke/runs/lw3-gpu-csc-d/config.cfg"
      ],
      "returncode": 0,
      "timing": {
        "total_s": 0.171753
      },
      "stdout": "experiments/week6/csc_smoke/runs/lw3-gpu-csc-d/stdout.txt",
      "stderr": "experiments/week6/csc_smoke/runs/lw3-gpu-csc-d/stderr.txt"
    },
    {
      "experiment": "week6-csc-gpu-smoke",
      "name": "lw3-gpu-csc-f",
      "timestamp_utc": "2026-05-06T15:12:09.969508+00:00",
      "git_commit": "4f8b76dd59f1484de9c8c40aa40bb5e4baa6e0c7",
      "binary": "build-cuda-float-strict/hrsc",
      "source_config": "tests/cases/liska_wendroff_2d/config3_n200.cfg",
      "run_config": "experiments/week6/csc_smoke/runs/lw3-gpu-csc-f/config.cfg",
      "precision": "float",
      "build": "cuda-strict-float-csc",
      "raw_output": "experiments/week6/csc_smoke/runs/lw3-gpu-csc-f/lw3.bin",
      "command": [
        "build-cuda-float-strict/hrsc",
        "experiments/week6/csc_smoke/runs/lw3-gpu-csc-f/config.cfg"
      ],
      "returncode": 0,
      "timing": {
        "total_s": 0.0731129
      },
      "stdout": "experiments/week6/csc_smoke/runs/lw3-gpu-csc-f/stdout.txt",
      "stderr": "experiments/week6/csc_smoke/runs/lw3-gpu-csc-f/stderr.txt"
    }
  ]
}
